// Jest Snapshot v1, https://goo.gl/fbAQLP

exports[`<Alerts /> spec renders the component 1`] = `
<div>
  <div
    class="euiFlexGroup euiFlexGroup--gutterMedium euiFlexGroup--directionColumn euiFlexGroup--responsive"
  >
    <div
      class="euiFlexItem"
    >
      <div
        class="euiFlexGroup euiFlexGroup--gutterSmall euiFlexGroup--justifyContentSpaceBetween euiFlexGroup--directionRow euiFlexGroup--responsive"
      >
        <div
          class="euiFlexItem"
        >
          <div
            class="euiText euiText--small"
          >
            <h1>
              Security alerts
            </h1>
          </div>
        </div>
        <div
          class="euiFlexItem euiFlexItem--flexGrowZero"
        >
          <div
            class="euiFlexGroup euiFlexGroup--gutterSmall euiFlexGroup--directionRow euiSuperDatePicker__flexWrapper"
          >
            <div
              class="euiFlexItem"
            >
              <div
                class="euiFormControlLayout euiFormControlLayout--compressed euiFormControlLayout--group euiSuperDatePicker"
              >
                <div
                  class="euiPopover euiPopover--anchorDownLeft"
                >
                  <div
                    class="euiPopover__anchor euiQuickSelectPopover__anchor"
                  >
                    <button
                      aria-label="Date quick select"
                      class="euiButtonEmpty euiButtonEmpty--primary euiButtonEmpty--xSmall euiFormControlLayout__prepend"
                      data-test-subj="superDatePickerToggleQuickMenuButton"
                      type="button"
                    >
                      <span
                        class="euiButtonContent euiButtonContent--iconRight euiButtonEmpty__content"
                      >
                        EuiIconMock
                        <span
                          class="euiButtonEmpty__text euiQuickSelectPopover__buttonText"
                        >
                          EuiIconMock
                        </span>
                      </span>
                    </button>
                  </div>
                </div>
                <div
                  class="euiFormControlLayout__childrenWrapper"
                >
                  <div
                    class="euiDatePickerRange euiDatePickerRange--inGroup"
                  >
                    <button
                      class="euiSuperDatePicker__prettyFormat euiSuperDatePicker__prettyFormat--compressed"
                      data-test-subj="superDatePickerShowDatesButton"
                    >
                      Last 24 hours
                      <span
                        class="euiSuperDatePicker__prettyFormatLink"
                      >
                        Show dates
                      </span>
                    </button>
                  </div>
                </div>
              </div>
            </div>
            <div
              class="euiFlexItem euiFlexItem--flexGrowZero"
            >
              <span
                class="euiToolTipAnchor"
              >
                <button
                  class="euiButton euiButton--success euiButton--small euiButton-isDisabled euiSuperUpdateButton"
                  data-test-subj="superDatePickerApplyTimeButton"
                  disabled=""
                  type="button"
                >
                  <span
                    class="euiButtonContent euiButton__content"
                  >
                    <span
                      class="euiLoadingSpinner euiLoadingSpinner--medium euiButtonContent__spinner"
                    />
                    <span
                      class="euiButton__text euiSuperUpdateButton__text"
                    >
                      Updating
                    </span>
                  </span>
                </button>
              </span>
            </div>
          </div>
        </div>
      </div>
    </div>
    <div
      class="euiFlexItem"
    >
      <div>
        <div
          class="euiTabs euiTabs--small"
          role="tablist"
        >
          <button
            aria-controls="some_html_id"
            aria-selected="true"
            class="euiTab euiTab-isSelected"
            id="detection-rules"
            role="tab"
            type="button"
          >
            <span
              class="euiTab__content"
            >
              Detection rules
            </span>
          </button>
          <button
            aria-controls="some_html_id"
            aria-selected="false"
            class="euiTab"
            id="threat-intel"
            role="tab"
            type="button"
          >
            <span
              class="euiTab__content"
            >
              Threat intel
            </span>
          </button>
          <button
            aria-controls="some_html_id"
            aria-selected="false"
            class="euiTab"
            id="correlations"
            role="tab"
            type="button"
          >
            <span
              class="euiTab__content"
            >
              <div
                style="display: flex; align-items: center;"
              >
                <span
                  style="margin-right: 4px;"
                >
                  Correlations
                </span>
              </div>
            </span>
          </button>
        </div>
        <div
          aria-labelledby="detection-rules"
          id="some_html_id"
          role="tabpanel"
        >
          <div
            class="euiSpacer euiSpacer--m"
          />
          <div
            class="euiPanel euiPanel--paddingMedium euiPanel--borderRadiusMedium euiPanel--plain euiPanel--hasShadow"
            style="padding: 16px;"
          >
            <div
              class="euiFlexGroup euiFlexGroup--gutterLarge euiFlexGroup--alignItemsCenter euiFlexGroup--justifyContentSpaceBetween euiFlexGroup--directionRow euiFlexGroup--responsive"
              style="padding: 0px 10px;"
            >
              <div
                class="euiFlexItem"
              >
                <div
                  class="euiText euiText--small"
                >
                  <h3>
                    Alerts
                  </h3>
                </div>
              </div>
              <div
                class="euiFlexItem euiFlexItem--flexGrowZero"
              >
                <div
                  class="euiFlexGroup euiFlexGroup--gutterLarge euiFlexGroup--alignItemsCenter euiFlexGroup--justifyContentSpaceBetween euiFlexGroup--directionRow euiFlexGroup--responsive"
                >
                  <div
                    class="euiFlexItem"
                  >
                    <button
                      class="euiButton euiButton--primary euiButton--small euiButton-isDisabled"
                      data-test-subj="acknowledge-button"
                      disabled=""
                      type="button"
                    >
                      <span
                        class="euiButtonContent euiButton__content"
                      >
                        <span
                          class="euiButton__text"
                        >
                          Acknowledge
                        </span>
                      </span>
                    </button>
                  </div>
                </div>
              </div>
            </div>
            <hr
              class="euiHorizontalRule euiHorizontalRule--full euiHorizontalRule--marginXSmall"
            />
            <div
              style="padding: 0px 10px;"
            >
              <div>
                <div
                  class="euiFlexGroup euiFlexGroup--gutterMedium euiFlexGroup--alignItemsCenter euiFlexGroup--directionRow euiFlexGroup--responsive euiFlexGroup--wrap"
                >
                  <div
                    class="euiFlexItem euiSearchBar__searchHolder"
                  >
                    <div
                      class="euiFormControlLayout euiFormControlLayout--fullWidth euiFormControlLayout--compressed"
                    >
                      <div
                        class="euiFormControlLayout__childrenWrapper"
                      >
                        <input
                          aria-label="This is a search bar. After typing your query, hit enter to filter the results lower in the page."
                          class="euiFieldSearch euiFieldSearch--fullWidth euiFieldSearch--compressed"
                          placeholder="Search alerts"
                          type="search"
                          value=""
                        />
                        <div
                          class="euiFormControlLayoutIcons"
                        >
                          <span
                            class="euiFormControlLayoutCustomIcon"
                          >
                            EuiIconMock
                          </span>
                        </div>
                      </div>
                    </div>
                  </div>
                  <div
                    class="euiFlexItem euiFlexItem--flexGrowZero euiSearchBar__filtersHolder"
                  >
                    <div
                      class="euiFilterGroup"
                    >
                      <div
                        class="euiPopover euiPopover--anchorDownCenter"
                        id="field_value_selection_0"
                      >
                        <div
                          class="euiPopover__anchor"
                        >
                          <button
                            class="euiButtonEmpty euiButtonEmpty--text euiButtonEmpty--small euiFilterButton euiFilterButton--hasIcon"
                            type="button"
                          >
                            <span
                              class="euiButtonContent euiButtonContent--iconRight euiButtonEmpty__content"
                            >
                              EuiIconMock
                              <span
                                class="euiButtonEmpty__text"
                              >
                                <span
                                  class="euiFilterButton__textShift"
                                  data-text="Alert severity"
                                  title="Alert severity"
                                >
                                  Alert severity
                                </span>
                              </span>
                            </span>
                          </button>
                        </div>
                      </div>
                      <div
                        class="euiPopover euiPopover--anchorDownCenter"
                        id="field_value_selection_1"
                      >
                        <div
                          class="euiPopover__anchor"
                        >
                          <button
                            class="euiButtonEmpty euiButtonEmpty--text euiButtonEmpty--small euiFilterButton euiFilterButton--hasIcon"
                            type="button"
                          >
                            <span
                              class="euiButtonContent euiButtonContent--iconRight euiButtonEmpty__content"
                            >
                              EuiIconMock
                              <span
                                class="euiButtonEmpty__text"
                              >
                                <span
                                  class="euiFilterButton__textShift"
                                  data-text="Status"
                                  title="Status"
                                >
                                  Status
                                </span>
                              </span>
                            </span>
                          </button>
                        </div>
                      </div>
                    </div>
                  </div>
                </div>
                <div
                  class="euiSpacer euiSpacer--l"
                />
                <div
                  class="euiBasicTable euiBasicTable-loading"
                >
                  <div>
                    <div
                      class="euiTableHeaderMobile"
                    >
                      <div
                        class="euiFlexGroup euiFlexGroup--gutterLarge euiFlexGroup--alignItemsBaseline euiFlexGroup--justifyContentSpaceBetween euiFlexGroup--directionRow"
                      >
                        <div
                          class="euiFlexItem euiFlexItem--flexGrowZero"
                        >
                          <div
                            class="euiCheckbox"
                          >
                            <input
                              aria-label="Select all rows"
                              class="euiCheckbox__input"
                              disabled=""
                              id="_selection_column-checkbox_some_html_id"
                              type="checkbox"
                            />
                            <div
                              class="euiCheckbox__square"
                            />
                            <label
                              class="euiCheckbox__label"
                              for="_selection_column-checkbox_some_html_id"
                            >
                              Select all rows
                            </label>
                          </div>
                        </div>
                        <div
                          class="euiFlexItem euiFlexItem--flexGrowZero"
                        >
                          <div
                            class="euiTableSortMobile"
                          >
                            <div
                              class="euiPopover euiPopover--anchorDownRight"
                            >
                              <div
                                class="euiPopover__anchor"
                              >
                                <button
                                  class="euiButtonEmpty euiButtonEmpty--primary euiButtonEmpty--xSmall euiButtonEmpty--flushRight"
                                  type="button"
                                >
                                  <span
                                    class="euiButtonContent euiButtonContent--iconRight euiButtonEmpty__content"
                                  >
                                    EuiIconMock
                                    <span
                                      class="euiButtonEmpty__text"
                                    >
                                      Sorting
                                    </span>
                                  </span>
                                </button>
                              </div>
                            </div>
                          </div>
                        </div>
                      </div>
                    </div>
                    <table
                      class="euiTable euiTable--responsive"
                      id="some_html_id"
                      tabindex="-1"
                    >
                      <caption
                        class="euiScreenReaderOnly euiTableCaption"
                      />
                      <thead>
                        <tr>
                          <th
                            class="euiTableHeaderCellCheckbox"
                            scope="col"
                          >
                            <div
                              class="euiTableCellContent"
                            >
                              <div
                                class="euiCheckbox euiCheckbox--inList euiCheckbox--noLabel"
                              >
                                <input
                                  aria-label="Select all rows"
                                  class="euiCheckbox__input"
                                  data-test-subj="checkboxSelectAll"
                                  disabled=""
                                  id="_selection_column-checkbox_some_html_id"
                                  type="checkbox"
                                />
                                <div
                                  class="euiCheckbox__square"
                                />
                              </div>
                            </div>
                          </th>
                          <th
                            aria-live="polite"
                            aria-sort="descending"
                            class="euiTableHeaderCell"
                            data-test-subj="tableHeaderCell_start_time_0"
                            role="columnheader"
                            scope="col"
                          >
                            <button
                              class="euiTableHeaderButton euiTableHeaderButton-isSorted"
                              data-test-subj="tableHeaderSortButton"
                              type="button"
                            >
                              <span
                                class="euiTableCellContent"
                              >
                                <span
                                  class="euiTableCellContent__text"
                                  title="Start time"
                                >
                                  Start time
                                </span>
                                EuiIconMock
                              </span>
                            </button>
                          </th>
                          <th
                            class="euiTableHeaderCell"
                            data-test-subj="tableHeaderCell_trigger_name_1"
                            role="columnheader"
                            scope="col"
                          >
                            <span
                              class="euiTableCellContent"
                            >
                              <span
                                class="euiTableCellContent__text"
                                title="Alert trigger name"
                              >
                                Alert trigger name
                              </span>
                            </span>
                          </th>
                          <th
                            aria-live="polite"
                            aria-sort="none"
                            class="euiTableHeaderCell"
                            data-test-subj="tableHeaderCell_detectorName_2"
                            role="columnheader"
                            scope="col"
                          >
                            <button
                              class="euiTableHeaderButton"
                              data-test-subj="tableHeaderSortButton"
                              type="button"
                            >
                              <span
                                class="euiTableCellContent"
                              >
                                <span
                                  class="euiTableCellContent__text"
                                  title="Detector"
                                >
                                  Detector
                                </span>
                              </span>
                            </button>
                          </th>
                          <th
                            aria-live="polite"
                            aria-sort="none"
                            class="euiTableHeaderCell"
                            data-test-subj="tableHeaderCell_state_3"
                            role="columnheader"
                            scope="col"
                          >
                            <button
                              class="euiTableHeaderButton"
                              data-test-subj="tableHeaderSortButton"
                              type="button"
                            >
                              <span
                                class="euiTableCellContent"
                              >
                                <span
                                  class="euiTableCellContent__text"
                                  title="Status"
                                >
                                  Status
                                </span>
                              </span>
                            </button>
                          </th>
                          <th
                            aria-live="polite"
                            aria-sort="none"
                            class="euiTableHeaderCell"
                            data-test-subj="tableHeaderCell_severity_4"
                            role="columnheader"
                            scope="col"
                          >
                            <button
                              class="euiTableHeaderButton"
                              data-test-subj="tableHeaderSortButton"
                              type="button"
                            >
                              <span
                                class="euiTableCellContent"
                              >
                                <span
                                  class="euiTableCellContent__text"
                                  title="Alert severity"
                                >
                                  Alert severity
                                </span>
                              </span>
                            </button>
                          </th>
                          <th
                            class="euiTableHeaderCell"
                            role="columnheader"
                            scope="col"
                          >
                            <span
                              class="euiTableCellContent euiTableCellContent--alignRight"
                            >
                              <span
                                class="euiTableCellContent__text"
                                title="Actions"
                              >
                                Actions
                              </span>
                            </span>
                          </th>
                        </tr>
                      </thead>
                      <tbody>
                        <tr
                          class="euiTableRow"
                        >
                          <td
                            class="euiTableRowCell euiTableRowCell--isMobileFullWidth"
                            colspan="7"
                          >
                            <div
                              class="euiTableCellContent euiTableCellContent--alignCenter"
                            >
                              <span
                                class="euiTableCellContent__text"
                              >
                                No items found
                              </span>
                            </div>
                          </td>
                        </tr>
                      </tbody>
                    </table>
                  </div>
                </div>
              </div>
            </div>
          </div>
        </div>
      </div>
    </div>
  </div>
</div>
`;
