// Jest Snapshot v1, https://goo.gl/fbAQLP

exports[`<UpdateDetectorBasicDetails /> spec renders the component 1`] = `
<UpdateDetectorBasicDetails
  detectorHit={
    Object {
      "_id": "detectorHitId",
      "_index": ".windows",
      "_source": Object {
        "createdBy": "testUser",
        "detector_type": ".windows",
        "enabled": true,
        "enabled_time": 1,
        "inputs": Array [
          Object {
            "detector_input": Object {
              "custom_rules": Array [
                Object {
                  "id": "detectorRuleId",
                },
              ],
              "description": "detectorDescription",
              "indices": Array [
                ".windows",
              ],
              "pre_packaged_rules": Array [
                Object {
                  "id": "detectorRuleId",
                },
              ],
            },
          },
        ],
        "last_update_time": 1,
        "name": "detectorName",
        "schedule": Object {
          "period": Object {
            "interval": 1,
            "unit": "minute",
          },
        },
        "triggers": Array [
          Object {
            "actions": Array [
              Object {
                "destination_id": "destinationId",
                "id": "someId",
                "message_template": Object {
                  "lang": "en-US",
                  "source": "messageSource",
                },
                "name": "triggerName",
                "subject_template": Object {
                  "lang": "en-US",
                  "source": "sourceTemplate",
                },
                "throttle": Object {
                  "unit": "throttleUnit",
                  "value": 1,
                },
                "throttle_enabled": false,
              },
              Object {
                "destination_id": "destinationId",
                "id": "someId",
                "message_template": Object {
                  "lang": "en-US",
                  "source": "messageSource",
                },
                "name": "triggerName",
                "subject_template": Object {
                  "lang": "en-US",
                  "source": "sourceTemplate",
                },
                "throttle": Object {
                  "unit": "throttleUnit",
                  "value": 1,
                },
                "throttle_enabled": false,
              },
            ],
            "id": "triggerId_0",
            "ids": Array [
              "ruleId1",
            ],
            "name": "alertName",
            "sev_levels": Array [
              "low",
            ],
            "severity": "1",
            "tags": Array [
              "any.tag",
            ],
            "types": Array [
              "detectorType1",
            ],
          },
          Object {
            "actions": Array [
              Object {
                "destination_id": "destinationId",
                "id": "someId",
                "message_template": Object {
                  "lang": "en-US",
                  "source": "messageSource",
                },
                "name": "triggerName",
                "subject_template": Object {
                  "lang": "en-US",
                  "source": "sourceTemplate",
                },
                "throttle": Object {
                  "unit": "throttleUnit",
                  "value": 1,
                },
                "throttle_enabled": false,
              },
              Object {
                "destination_id": "destinationId",
                "id": "someId",
                "message_template": Object {
                  "lang": "en-US",
                  "source": "messageSource",
                },
                "name": "triggerName",
                "subject_template": Object {
                  "lang": "en-US",
                  "source": "sourceTemplate",
                },
                "throttle": Object {
                  "unit": "throttleUnit",
                  "value": 1,
                },
                "throttle_enabled": false,
              },
            ],
            "id": "triggerId_1",
            "ids": Array [
              "ruleId1",
            ],
            "name": "alertName",
            "sev_levels": Array [
              "low",
            ],
            "severity": "1",
            "tags": Array [
              "any.tag",
            ],
            "types": Array [
              "detectorType1",
            ],
          },
        ],
        "type": "detector",
      },
    }
  }
  history={
    Object {
      "replace": [MockFunction] {
        "calls": Array [
          Array [
            Object {
              "pathname": "/edit-detector-details/detectorHitId",
              "state": Object {
                "detectorHit": Object {
                  "_id": "detectorHitId",
                  "_index": ".windows",
                  "_source": Object {
                    "_id": "detectorHitId",
                    "_index": ".windows",
                    "_source": Object {
                      "createdBy": "testUser",
                      "detector_type": ".windows",
                      "enabled": true,
                      "enabled_time": 1,
                      "inputs": Array [
                        Object {
                          "detector_input": Object {
                            "custom_rules": Array [
                              Object {
                                "id": "detectorRuleId",
                              },
                            ],
                            "description": "detectorDescription",
                            "indices": Array [
                              ".windows",
                            ],
                            "pre_packaged_rules": Array [
                              Object {
                                "id": "detectorRuleId",
                              },
                            ],
                          },
                        },
                      ],
                      "last_update_time": 1,
                      "name": "detectorName",
                      "schedule": Object {
                        "period": Object {
                          "interval": 1,
                          "unit": "minute",
                        },
                      },
                      "triggers": Array [
                        Object {
                          "actions": Array [
                            Object {
                              "destination_id": "destinationId",
                              "id": "someId",
                              "message_template": Object {
                                "lang": "en-US",
                                "source": "messageSource",
                              },
                              "name": "triggerName",
                              "subject_template": Object {
                                "lang": "en-US",
                                "source": "sourceTemplate",
                              },
                              "throttle": Object {
                                "unit": "throttleUnit",
                                "value": 1,
                              },
                              "throttle_enabled": false,
                            },
                            Object {
                              "destination_id": "destinationId",
                              "id": "someId",
                              "message_template": Object {
                                "lang": "en-US",
                                "source": "messageSource",
                              },
                              "name": "triggerName",
                              "subject_template": Object {
                                "lang": "en-US",
                                "source": "sourceTemplate",
                              },
                              "throttle": Object {
                                "unit": "throttleUnit",
                                "value": 1,
                              },
                              "throttle_enabled": false,
                            },
                          ],
                          "id": "triggerId_0",
                          "ids": Array [
                            "ruleId1",
                          ],
                          "name": "alertName",
                          "sev_levels": Array [
                            "low",
                          ],
                          "severity": "1",
                          "tags": Array [
                            "any.tag",
                          ],
                          "types": Array [
                            "detectorType1",
                          ],
                        },
                        Object {
                          "actions": Array [
                            Object {
                              "destination_id": "destinationId",
                              "id": "someId",
                              "message_template": Object {
                                "lang": "en-US",
                                "source": "messageSource",
                              },
                              "name": "triggerName",
                              "subject_template": Object {
                                "lang": "en-US",
                                "source": "sourceTemplate",
                              },
                              "throttle": Object {
                                "unit": "throttleUnit",
                                "value": 1,
                              },
                              "throttle_enabled": false,
                            },
                            Object {
                              "destination_id": "destinationId",
                              "id": "someId",
                              "message_template": Object {
                                "lang": "en-US",
                                "source": "messageSource",
                              },
                              "name": "triggerName",
                              "subject_template": Object {
                                "lang": "en-US",
                                "source": "sourceTemplate",
                              },
                              "throttle": Object {
                                "unit": "throttleUnit",
                                "value": 1,
                              },
                              "throttle_enabled": false,
                            },
                          ],
                          "id": "triggerId_1",
                          "ids": Array [
                            "ruleId1",
                          ],
                          "name": "alertName",
                          "sev_levels": Array [
                            "low",
                          ],
                          "severity": "1",
                          "tags": Array [
                            "any.tag",
                          ],
                          "types": Array [
                            "detectorType1",
                          ],
                        },
                      ],
                      "type": "detector",
                    },
                    "createdBy": "testUser",
                    "detector_type": ".windows",
                    "enabled": true,
                    "enabled_time": 1,
                    "inputs": Array [
                      Object {
                        "detector_input": Object {
                          "custom_rules": Array [
                            Object {
                              "id": "detectorRuleId",
                            },
                          ],
                          "description": "detectorDescription",
                          "indices": Array [
                            ".windows",
                          ],
                          "pre_packaged_rules": Array [
                            Object {
                              "id": "detectorRuleId",
                            },
                          ],
                        },
                      },
                    ],
                    "last_update_time": 1,
                    "name": "detectorName",
                    "schedule": Object {
                      "period": Object {
                        "interval": 1,
                        "unit": "minute",
                      },
                    },
                    "triggers": Array [
                      Object {
                        "actions": Array [
                          Object {
                            "destination_id": "destinationId",
                            "id": "someId",
                            "message_template": Object {
                              "lang": "en-US",
                              "source": "messageSource",
                            },
                            "name": "triggerName",
                            "subject_template": Object {
                              "lang": "en-US",
                              "source": "sourceTemplate",
                            },
                            "throttle": Object {
                              "unit": "throttleUnit",
                              "value": 1,
                            },
                            "throttle_enabled": false,
                          },
                          Object {
                            "destination_id": "destinationId",
                            "id": "someId",
                            "message_template": Object {
                              "lang": "en-US",
                              "source": "messageSource",
                            },
                            "name": "triggerName",
                            "subject_template": Object {
                              "lang": "en-US",
                              "source": "sourceTemplate",
                            },
                            "throttle": Object {
                              "unit": "throttleUnit",
                              "value": 1,
                            },
                            "throttle_enabled": false,
                          },
                        ],
                        "id": "triggerId_0",
                        "ids": Array [
                          "ruleId1",
                        ],
                        "name": "alertName",
                        "sev_levels": Array [
                          "low",
                        ],
                        "severity": "1",
                        "tags": Array [
                          "any.tag",
                        ],
                        "types": Array [
                          "detectorType1",
                        ],
                      },
                      Object {
                        "actions": Array [
                          Object {
                            "destination_id": "destinationId",
                            "id": "someId",
                            "message_template": Object {
                              "lang": "en-US",
                              "source": "messageSource",
                            },
                            "name": "triggerName",
                            "subject_template": Object {
                              "lang": "en-US",
                              "source": "sourceTemplate",
                            },
                            "throttle": Object {
                              "unit": "throttleUnit",
                              "value": 1,
                            },
                            "throttle_enabled": false,
                          },
                          Object {
                            "destination_id": "destinationId",
                            "id": "someId",
                            "message_template": Object {
                              "lang": "en-US",
                              "source": "messageSource",
                            },
                            "name": "triggerName",
                            "subject_template": Object {
                              "lang": "en-US",
                              "source": "sourceTemplate",
                            },
                            "throttle": Object {
                              "unit": "throttleUnit",
                              "value": 1,
                            },
                            "throttle_enabled": false,
                          },
                        ],
                        "id": "triggerId_1",
                        "ids": Array [
                          "ruleId1",
                        ],
                        "name": "alertName",
                        "sev_levels": Array [
                          "low",
                        ],
                        "severity": "1",
                        "tags": Array [
                          "any.tag",
                        ],
                        "types": Array [
                          "detectorType1",
                        ],
                      },
                    ],
                    "type": "detector",
                  },
                },
              },
            },
          ],
        ],
        "results": Array [
          Object {
            "type": "return",
            "value": undefined,
          },
        ],
      },
    }
  }
  location={
    Object {
      "pathname": "/edit-detector-details/detectorHitId",
    }
  }
  notifications={
    Object {
      "toasts": Object {
        "addDanger": [MockFunction],
      },
    }
  }
>
  <div>
    <EuiTitle
      size="m"
    >
      <h3
        className="euiTitle euiTitle--medium"
      >
        Edit detector details
      </h3>
    </EuiTitle>
    <EuiSpacer
      size="xxl"
    >
      <div
        className="euiSpacer euiSpacer--xxl"
      />
    </EuiSpacer>
    <DetectorBasicDetailsForm
      detectorDescription="detectorDescription"
      detectorName="detectorName"
      isEdit={true}
      onDetectorInputDescriptionChange={[Function]}
      onDetectorNameChange={[Function]}
    >
      <ContentPanel
        title="Detector details"
        titleSize="m"
      >
        <EuiPanel
          style={
            Object {
              "paddingLeft": "0px",
              "paddingRight": "0px",
            }
          }
        >
          <div
            className="euiPanel euiPanel--paddingMedium euiPanel--borderRadiusMedium euiPanel--plain euiPanel--hasShadow"
            style={
              Object {
                "paddingLeft": "0px",
                "paddingRight": "0px",
              }
            }
          >
            <EuiFlexGroup
              alignItems="center"
              justifyContent="spaceBetween"
              style={
                Object {
                  "padding": "0px 10px",
                }
              }
            >
              <div
                className="euiFlexGroup euiFlexGroup--gutterLarge euiFlexGroup--alignItemsCenter euiFlexGroup--justifyContentSpaceBetween euiFlexGroup--directionRow euiFlexGroup--responsive"
                style={
                  Object {
                    "padding": "0px 10px",
                  }
                }
              >
                <EuiFlexItem>
                  <div
                    className="euiFlexItem"
                  >
                    <EuiTitle
                      size="m"
                    >
                      <h3
                        className="euiTitle euiTitle--medium"
                      >
                        Detector details
                      </h3>
                    </EuiTitle>
                  </div>
                </EuiFlexItem>
              </div>
            </EuiFlexGroup>
            <EuiHorizontalRule
              className=""
              margin="xs"
            >
              <hr
                className="euiHorizontalRule euiHorizontalRule--full euiHorizontalRule--marginXSmall"
              />
            </EuiHorizontalRule>
            <div
              style={
                Object {
                  "padding": "0px 10px",
                }
              }
            >
              <EuiSpacer
                size="m"
              >
                <div
                  className="euiSpacer euiSpacer--m"
                />
              </EuiSpacer>
              <EuiFormRow
                describedByIds={Array []}
                display="row"
                fullWidth={false}
                hasChildLabel={true}
                hasEmptyLabelSpace={false}
                isInvalid={false}
                label={
                  <FormFieldHeader
                    headerTitle="Name"
                  />
                }
                labelType="label"
              >
                <div
                  className="euiFormRow"
                  id="some_html_id-row"
                >
                  <div
                    className="euiFormRow__labelWrapper"
                  >
                    <EuiFormLabel
                      aria-invalid={false}
                      className="euiFormRow__label"
                      htmlFor="some_html_id"
                      isFocused={false}
                      isInvalid={false}
                      type="label"
                    >
                      <label
                        aria-invalid={false}
                        className="euiFormLabel euiFormRow__label"
                        htmlFor="some_html_id"
                      >
                        <FormFieldHeader
                          headerTitle="Name"
                        >
                          <EuiText
                            size="s"
                          >
                            <div
                              className="euiText euiText--small"
                            >
                              <strong>
                                Name
                              </strong>
                            </div>
                          </EuiText>
                        </FormFieldHeader>
                      </label>
                    </EuiFormLabel>
                  </div>
                  <div
                    className="euiFormRow__fieldWrapper"
                  >
                    <EuiFieldText
                      data-test-subj="define-detector-detector-name"
                      id="some_html_id"
                      onBlur={[Function]}
                      onChange={[Function]}
                      onFocus={[Function]}
                      placeholder="Enter a name for the detector."
                      readOnly={false}
                      required={true}
                      value="detectorName"
                    >
                      <EuiFormControlLayout
                        fullWidth={false}
                        inputId="some_html_id"
                        readOnly={false}
                      >
                        <div
                          className="euiFormControlLayout"
                        >
                          <div
                            className="euiFormControlLayout__childrenWrapper"
                          >
                            <EuiValidatableControl>
                              <input
                                className="euiFieldText"
                                data-test-subj="define-detector-detector-name"
                                id="some_html_id"
                                onBlur={[Function]}
                                onChange={[Function]}
                                onFocus={[Function]}
                                placeholder="Enter a name for the detector."
                                readOnly={false}
                                required={true}
                                type="text"
                                value="detectorName"
                              />
                            </EuiValidatableControl>
                            <EuiFormControlLayoutIcons />
                          </div>
                        </div>
                      </EuiFormControlLayout>
                    </EuiFieldText>
                  </div>
                </div>
              </EuiFormRow>
              <EuiSpacer
                size="m"
              >
                <div
                  className="euiSpacer euiSpacer--m"
                />
              </EuiSpacer>
              <EuiFormRow
                describedByIds={Array []}
                display="row"
                fullWidth={false}
                hasChildLabel={true}
                hasEmptyLabelSpace={false}
                isInvalid={false}
                label={
                  <FormFieldHeader
                    headerTitle="Description"
                    optionalField={true}
                  />
                }
                labelType="label"
              >
                <div
                  className="euiFormRow"
                  id="some_html_id-row"
                >
                  <div
                    className="euiFormRow__labelWrapper"
                  >
                    <EuiFormLabel
                      aria-invalid={false}
                      className="euiFormRow__label"
                      htmlFor="some_html_id"
                      isFocused={false}
                      isInvalid={false}
                      type="label"
                    >
                      <label
                        aria-invalid={false}
                        className="euiFormLabel euiFormRow__label"
                        htmlFor="some_html_id"
                      >
                        <FormFieldHeader
                          headerTitle="Description"
                          optionalField={true}
                        >
                          <EuiText
                            size="s"
                          >
                            <div
                              className="euiText euiText--small"
                            >
                              <strong>
                                Description
                              </strong>
                              <i>
                                 - optional 
                              </i>
                            </div>
                          </EuiText>
                        </FormFieldHeader>
                      </label>
                    </EuiFormLabel>
                  </div>
                  <div
                    className="euiFormRow__fieldWrapper"
                  >
                    <EuiTextArea
                      compressed={true}
                      data-test-subj="define-detector-detector-description"
                      id="some_html_id"
                      onBlur={[Function]}
                      onChange={[Function]}
                      onFocus={[Function]}
                      placeholder="Enter a description for the detector."
                      value="detectorDescription"
                    >
                      <EuiValidatableControl>
                        <textarea
                          className="euiTextArea euiTextArea--resizeVertical euiTextArea--compressed"
                          data-test-subj="define-detector-detector-description"
                          id="some_html_id"
                          onBlur={[Function]}
                          onChange={[Function]}
                          onFocus={[Function]}
                          placeholder="Enter a description for the detector."
                          rows={3}
                          value="detectorDescription"
                        />
                      </EuiValidatableControl>
                    </EuiTextArea>
                  </div>
                </div>
              </EuiFormRow>
            </div>
          </div>
        </EuiPanel>
      </ContentPanel>
    </DetectorBasicDetailsForm>
    <EuiSpacer
      size="xl"
    >
      <div
        className="euiSpacer euiSpacer--xl"
      />
    </EuiSpacer>
    <DetectorDataSource
      detectorIndices={
        Array [
          ".windows",
        ]
      }
      indexService={
        Object {
          "getIndices": [Function],
        }
      }
      isEdit={true}
      notifications={
        Object {
          "toasts": Object {
            "addDanger": [MockFunction],
          },
        }
      }
      onDetectorInputIndicesChange={[Function]}
    >
      <ContentPanel
        title="Data source"
        titleSize="m"
      >
        <EuiPanel
          style={
            Object {
              "paddingLeft": "0px",
              "paddingRight": "0px",
            }
          }
        >
          <div
            className="euiPanel euiPanel--paddingMedium euiPanel--borderRadiusMedium euiPanel--plain euiPanel--hasShadow"
            style={
              Object {
                "paddingLeft": "0px",
                "paddingRight": "0px",
              }
            }
          >
            <EuiFlexGroup
              alignItems="center"
              justifyContent="spaceBetween"
              style={
                Object {
                  "padding": "0px 10px",
                }
              }
            >
              <div
                className="euiFlexGroup euiFlexGroup--gutterLarge euiFlexGroup--alignItemsCenter euiFlexGroup--justifyContentSpaceBetween euiFlexGroup--directionRow euiFlexGroup--responsive"
                style={
                  Object {
                    "padding": "0px 10px",
                  }
                }
              >
                <EuiFlexItem>
                  <div
                    className="euiFlexItem"
                  >
                    <EuiTitle
                      size="m"
                    >
                      <h3
                        className="euiTitle euiTitle--medium"
                      >
                        Data source
                      </h3>
                    </EuiTitle>
                  </div>
                </EuiFlexItem>
              </div>
            </EuiFlexGroup>
            <EuiHorizontalRule
              className=""
              margin="xs"
            >
              <hr
                className="euiHorizontalRule euiHorizontalRule--full euiHorizontalRule--marginXSmall"
              />
            </EuiHorizontalRule>
            <div
              style={
                Object {
                  "padding": "0px 10px",
                }
              }
            >
              <EuiSpacer
                size="m"
              >
                <div
                  className="euiSpacer euiSpacer--m"
                />
              </EuiSpacer>
              <EuiFormRow
                describedByIds={Array []}
                display="row"
                error={false}
                fullWidth={false}
                hasChildLabel={true}
                hasEmptyLabelSpace={false}
                isInvalid={false}
                label={
                  <FormFieldHeader
                    headerTitle="Select or input source indexes or index patterns"
                  />
                }
                labelType="label"
              >
                <div
                  className="euiFormRow"
                  id="some_html_id-row"
                >
                  <div
                    className="euiFormRow__labelWrapper"
                  >
                    <EuiFormLabel
                      aria-invalid={false}
                      className="euiFormRow__label"
                      htmlFor="some_html_id"
                      isFocused={false}
                      isInvalid={false}
                      type="label"
                    >
                      <label
                        aria-invalid={false}
                        className="euiFormLabel euiFormRow__label"
                        htmlFor="some_html_id"
                      >
                        <FormFieldHeader
                          headerTitle="Select or input source indexes or index patterns"
                        >
                          <EuiText
                            size="s"
                          >
                            <div
                              className="euiText euiText--small"
                            >
                              <strong>
                                Select or input source indexes or index patterns
                              </strong>
                            </div>
                          </EuiText>
                        </FormFieldHeader>
                      </label>
                    </EuiFormLabel>
                  </div>
                  <div
                    className="euiFormRow__fieldWrapper"
                  >
                    <EuiComboBox
                      async={false}
                      compressed={false}
                      data-test-subj="define-detector-select-data-source"
                      fullWidth={false}
                      id="some_html_id"
                      isClearable={true}
                      isInvalid={false}
                      isLoading={false}
                      onBlur={[Function]}
                      onChange={[Function]}
                      onCreateOption={[Function]}
                      onFocus={[Function]}
                      options={Array []}
                      placeholder="Select an input source for the detector."
                      selectedOptions={
                        Array [
                          Object {
                            "label": ".windows",
                          },
                        ]
                      }
                      singleSelection={
                        Object {
                          "asPlainText": true,
                        }
                      }
                      sortMatchesBy="none"
                    >
                      <div
                        aria-expanded={false}
                        aria-haspopup="listbox"
                        className="euiComboBox"
                        data-test-subj="define-detector-select-data-source"
                        onFocus={[Function]}
                        onKeyDown={[Function]}
                        role="combobox"
                      >
                        <EuiComboBoxInput
                          autoSizeInputRef={[Function]}
                          compressed={false}
                          fullWidth={false}
                          hasSelectedOptions={true}
                          id="some_html_id"
                          inputRef={[Function]}
                          isListOpen={false}
                          isLoading={false}
                          noIcon={false}
                          onChange={[Function]}
                          onClear={[Function]}
                          onClick={[Function]}
                          onCloseListClick={[Function]}
                          onFocus={[Function]}
                          onOpenListClick={[Function]}
                          onRemoveOption={[Function]}
                          placeholder="Select an input source for the detector."
                          rootId={[Function]}
                          searchValue=""
                          selectedOptions={
                            Array [
                              Object {
                                "label": ".windows",
                              },
                            ]
                          }
                          singleSelection={
                            Object {
                              "asPlainText": true,
                            }
                          }
                          toggleButtonRef={[Function]}
                          updatePosition={[Function]}
                          value=".windows"
                        >
                          <EuiFormControlLayout
                            clear={
                              Object {
                                "data-test-subj": "comboBoxClearButton",
                                "onClick": [Function],
                              }
                            }
                            compressed={false}
                            fullWidth={false}
                            icon={
                              Object {
                                "aria-label": "Open list of options",
                                "data-test-subj": "comboBoxToggleListButton",
                                "disabled": undefined,
                                "onClick": [Function],
                                "ref": [Function],
                                "side": "right",
                                "type": "arrowDown",
                              }
                            }
                            isLoading={false}
                          >
                            <div
                              className="euiFormControlLayout"
                            >
                              <div
                                className="euiFormControlLayout__childrenWrapper"
                              >
                                <div
                                  className="euiComboBox__inputWrap euiComboBox__inputWrap--noWrap euiComboBox__inputWrap-isClearable"
                                  data-test-subj="comboBoxInput"
                                  onClick={[Function]}
                                  tabIndex={-1}
                                >
                                  <EuiComboBoxPill
                                    asPlainText={true}
                                    color="hollow"
                                    key=".windows"
                                    option={
                                      Object {
                                        "label": ".windows",
                                      }
                                    }
                                  >
                                    <span
                                      className="euiComboBoxPill euiComboBoxPill--plainText"
                                    >
                                      .windows
                                    </span>
                                  </EuiComboBoxPill>
                                  <AutosizeInput
                                    aria-controls=""
                                    className="euiComboBox__input"
                                    data-test-subj="comboBoxSearchInput"
                                    id="some_html_id"
                                    injectStyles={true}
                                    inputRef={[Function]}
                                    minWidth={1}
                                    onBlur={[Function]}
                                    onChange={[Function]}
                                    onFocus={[Function]}
                                    role="textbox"
                                    style={
                                      Object {
                                        "fontSize": 14,
                                      }
                                    }
                                    value=""
                                  >
                                    <div
                                      className="euiComboBox__input"
                                      style={
                                        Object {
                                          "display": "inline-block",
                                          "fontSize": 14,
                                        }
                                      }
                                    >
                                      <input
                                        aria-controls=""
                                        data-test-subj="comboBoxSearchInput"
                                        id="some_html_id"
                                        onBlur={[Function]}
                                        onChange={[Function]}
                                        onFocus={[Function]}
                                        role="textbox"
                                        style={
                                          Object {
                                            "boxSizing": "content-box",
                                            "width": "2px",
                                          }
                                        }
                                        value=""
                                      />
                                      <div
                                        style={
                                          Object {
                                            "height": 0,
                                            "left": 0,
                                            "overflow": "scroll",
                                            "position": "absolute",
                                            "top": 0,
                                            "visibility": "hidden",
                                            "whiteSpace": "pre",
                                          }
                                        }
                                      />
                                    </div>
                                  </AutosizeInput>
                                </div>
                                <EuiFormControlLayoutIcons
                                  clear={
                                    Object {
                                      "data-test-subj": "comboBoxClearButton",
                                      "onClick": [Function],
                                    }
                                  }
                                  compressed={false}
                                  icon={
                                    Object {
                                      "aria-label": "Open list of options",
                                      "data-test-subj": "comboBoxToggleListButton",
                                      "disabled": undefined,
                                      "onClick": [Function],
                                      "ref": [Function],
                                      "side": "right",
                                      "type": "arrowDown",
                                    }
                                  }
                                  isLoading={false}
                                >
                                  <div
                                    className="euiFormControlLayoutIcons euiFormControlLayoutIcons--right"
                                  >
                                    <EuiFormControlLayoutClearButton
                                      data-test-subj="comboBoxClearButton"
                                      onClick={[Function]}
                                      size="m"
                                    >
                                      <EuiI18n
                                        default="Clear input"
                                        token="euiFormControlLayoutClearButton.label"
                                      >
                                        <button
                                          aria-label="Clear input"
                                          className="euiFormControlLayoutClearButton"
                                          data-test-subj="comboBoxClearButton"
                                          onClick={[Function]}
                                          type="button"
                                        >
                                          <EuiIcon
                                            className="euiFormControlLayoutClearButton__icon"
                                            type="cross"
                                          >
                                            EuiIconMock
                                          </EuiIcon>
                                        </button>
                                      </EuiI18n>
                                    </EuiFormControlLayoutClearButton>
                                    <EuiFormControlLayoutCustomIcon
                                      aria-label="Open list of options"
                                      data-test-subj="comboBoxToggleListButton"
                                      iconRef={[Function]}
                                      onClick={[Function]}
                                      size="m"
                                      type="arrowDown"
                                    >
                                      <button
                                        aria-label="Open list of options"
                                        className="euiFormControlLayoutCustomIcon euiFormControlLayoutCustomIcon--clickable"
                                        data-test-subj="comboBoxToggleListButton"
                                        onClick={[Function]}
                                        type="button"
                                      >
                                        <EuiIcon
                                          aria-hidden="true"
                                          className="euiFormControlLayoutCustomIcon__icon"
                                          size="m"
                                          type="arrowDown"
                                        >
                                          EuiIconMock
                                        </EuiIcon>
                                      </button>
                                    </EuiFormControlLayoutCustomIcon>
                                  </div>
                                </EuiFormControlLayoutIcons>
                              </div>
                            </div>
                          </EuiFormControlLayout>
                        </EuiComboBoxInput>
                      </div>
                    </EuiComboBox>
                  </div>
                </div>
              </EuiFormRow>
            </div>
          </div>
        </EuiPanel>
      </ContentPanel>
    </DetectorDataSource>
    <EuiSpacer
      size="xl"
    >
      <div
        className="euiSpacer euiSpacer--xl"
      />
    </EuiSpacer>
    <DetectorSchedule
      detector={
        Object {
          "createdBy": "testUser",
          "detector_type": ".windows",
          "enabled": true,
          "enabled_time": 1,
          "inputs": Array [
            Object {
              "detector_input": Object {
                "custom_rules": Array [
                  Object {
                    "id": "detectorRuleId",
                  },
                ],
                "description": "detectorDescription",
                "indices": Array [
                  ".windows",
                ],
                "pre_packaged_rules": Array [
                  Object {
                    "id": "detectorRuleId",
                  },
                ],
              },
            },
          ],
          "last_update_time": 1,
          "name": "detectorName",
          "schedule": Object {
            "period": Object {
              "interval": 1,
              "unit": "minute",
            },
          },
          "triggers": Array [
            Object {
              "actions": Array [
                Object {
                  "destination_id": "destinationId",
                  "id": "someId",
                  "message_template": Object {
                    "lang": "en-US",
                    "source": "messageSource",
                  },
                  "name": "triggerName",
                  "subject_template": Object {
                    "lang": "en-US",
                    "source": "sourceTemplate",
                  },
                  "throttle": Object {
                    "unit": "throttleUnit",
                    "value": 1,
                  },
                  "throttle_enabled": false,
                },
                Object {
                  "destination_id": "destinationId",
                  "id": "someId",
                  "message_template": Object {
                    "lang": "en-US",
                    "source": "messageSource",
                  },
                  "name": "triggerName",
                  "subject_template": Object {
                    "lang": "en-US",
                    "source": "sourceTemplate",
                  },
                  "throttle": Object {
                    "unit": "throttleUnit",
                    "value": 1,
                  },
                  "throttle_enabled": false,
                },
              ],
              "id": "triggerId_0",
              "ids": Array [
                "ruleId1",
              ],
              "name": "alertName",
              "sev_levels": Array [
                "low",
              ],
              "severity": "1",
              "tags": Array [
                "any.tag",
              ],
              "types": Array [
                "detectorType1",
              ],
            },
            Object {
              "actions": Array [
                Object {
                  "destination_id": "destinationId",
                  "id": "someId",
                  "message_template": Object {
                    "lang": "en-US",
                    "source": "messageSource",
                  },
                  "name": "triggerName",
                  "subject_template": Object {
                    "lang": "en-US",
                    "source": "sourceTemplate",
                  },
                  "throttle": Object {
                    "unit": "throttleUnit",
                    "value": 1,
                  },
                  "throttle_enabled": false,
                },
                Object {
                  "destination_id": "destinationId",
                  "id": "someId",
                  "message_template": Object {
                    "lang": "en-US",
                    "source": "messageSource",
                  },
                  "name": "triggerName",
                  "subject_template": Object {
                    "lang": "en-US",
                    "source": "sourceTemplate",
                  },
                  "throttle": Object {
                    "unit": "throttleUnit",
                    "value": 1,
                  },
                  "throttle_enabled": false,
                },
              ],
              "id": "triggerId_1",
              "ids": Array [
                "ruleId1",
              ],
              "name": "alertName",
              "sev_levels": Array [
                "low",
              ],
              "severity": "1",
              "tags": Array [
                "any.tag",
              ],
              "types": Array [
                "detectorType1",
              ],
            },
          ],
          "type": "detector",
        }
      }
      onDetectorScheduleChange={[Function]}
    >
      <ContentPanel
        title="Detector schedule"
      >
        <EuiPanel
          style={
            Object {
              "paddingLeft": "0px",
              "paddingRight": "0px",
            }
          }
        >
          <div
            className="euiPanel euiPanel--paddingMedium euiPanel--borderRadiusMedium euiPanel--plain euiPanel--hasShadow"
            style={
              Object {
                "paddingLeft": "0px",
                "paddingRight": "0px",
              }
            }
          >
            <EuiFlexGroup
              alignItems="center"
              justifyContent="spaceBetween"
              style={
                Object {
                  "padding": "0px 10px",
                }
              }
            >
              <div
                className="euiFlexGroup euiFlexGroup--gutterLarge euiFlexGroup--alignItemsCenter euiFlexGroup--justifyContentSpaceBetween euiFlexGroup--directionRow euiFlexGroup--responsive"
                style={
                  Object {
                    "padding": "0px 10px",
                  }
                }
              >
                <EuiFlexItem>
                  <div
                    className="euiFlexItem"
                  >
                    <EuiTitle
                      size="m"
                    >
                      <h3
                        className="euiTitle euiTitle--medium"
                      >
                        Detector schedule
                      </h3>
                    </EuiTitle>
                  </div>
                </EuiFlexItem>
              </div>
            </EuiFlexGroup>
            <EuiHorizontalRule
              className=""
              margin="xs"
            >
              <hr
                className="euiHorizontalRule euiHorizontalRule--full euiHorizontalRule--marginXSmall"
              />
            </EuiHorizontalRule>
            <div
              style={
                Object {
                  "padding": "0px 10px",
                }
              }
            >
              <EuiFormRow
                describedByIds={Array []}
                display="row"
                fullWidth={false}
                hasChildLabel={true}
                hasEmptyLabelSpace={false}
                label={
                  <FormFieldHeader
                    headerTitle="Frequency"
                  />
                }
                labelType="label"
              >
                <div
                  className="euiFormRow"
                  id="some_html_id-row"
                >
                  <div
                    className="euiFormRow__labelWrapper"
                  >
                    <EuiFormLabel
                      className="euiFormRow__label"
                      htmlFor="some_html_id"
                      isFocused={false}
                      type="label"
                    >
                      <label
                        className="euiFormLabel euiFormRow__label"
                        htmlFor="some_html_id"
                      >
                        <FormFieldHeader
                          headerTitle="Frequency"
                        >
                          <EuiText
                            size="s"
                          >
                            <div
                              className="euiText euiText--small"
                            >
                              <strong>
                                Frequency
                              </strong>
                            </div>
                          </EuiText>
                        </FormFieldHeader>
                      </label>
                    </EuiFormLabel>
                  </div>
                  <div
                    className="euiFormRow__fieldWrapper"
                  >
                    <EuiSelect
                      id="some_html_id"
                      onBlur={[Function]}
                      onChange={[Function]}
                      onFocus={[Function]}
                      options={
                        Array [
                          Object {
                            "text": "By interval",
                            "value": "interval",
                          },
                        ]
                      }
                      value="interval"
                    >
                      <EuiFormControlLayout
                        compressed={false}
                        fullWidth={false}
                        icon={
                          Object {
                            "side": "right",
                            "type": "arrowDown",
                          }
                        }
                        inputId="some_html_id"
                        isLoading={false}
                      >
                        <div
                          className="euiFormControlLayout"
                        >
                          <div
                            className="euiFormControlLayout__childrenWrapper"
                          >
                            <EuiValidatableControl>
                              <select
                                className="euiSelect"
                                id="some_html_id"
                                onBlur={[Function]}
                                onChange={[Function]}
                                onFocus={[Function]}
                                onMouseUp={[Function]}
                                value="interval"
                              >
                                <option
                                  key="0"
                                  value="interval"
                                >
                                  By interval
                                </option>
                              </select>
                            </EuiValidatableControl>
                            <EuiFormControlLayoutIcons
                              compressed={false}
                              icon={
                                Object {
                                  "side": "right",
                                  "type": "arrowDown",
                                }
                              }
                              isLoading={false}
                            >
                              <div
                                className="euiFormControlLayoutIcons euiFormControlLayoutIcons--right"
                              >
                                <EuiFormControlLayoutCustomIcon
                                  size="m"
                                  type="arrowDown"
                                >
                                  <span
                                    className="euiFormControlLayoutCustomIcon"
                                  >
                                    <EuiIcon
                                      aria-hidden="true"
                                      className="euiFormControlLayoutCustomIcon__icon"
                                      size="m"
                                      type="arrowDown"
                                    >
                                      EuiIconMock
                                    </EuiIcon>
                                  </span>
                                </EuiFormControlLayoutCustomIcon>
                              </div>
                            </EuiFormControlLayoutIcons>
                          </div>
                        </div>
                      </EuiFormControlLayout>
                    </EuiSelect>
                  </div>
                </div>
              </EuiFormRow>
              <Interval
                detector={
                  Object {
                    "createdBy": "testUser",
                    "detector_type": ".windows",
                    "enabled": true,
                    "enabled_time": 1,
                    "inputs": Array [
                      Object {
                        "detector_input": Object {
                          "custom_rules": Array [
                            Object {
                              "id": "detectorRuleId",
                            },
                          ],
                          "description": "detectorDescription",
                          "indices": Array [
                            ".windows",
                          ],
                          "pre_packaged_rules": Array [
                            Object {
                              "id": "detectorRuleId",
                            },
                          ],
                        },
                      },
                    ],
                    "last_update_time": 1,
                    "name": "detectorName",
                    "schedule": Object {
                      "period": Object {
                        "interval": 1,
                        "unit": "minute",
                      },
                    },
                    "triggers": Array [
                      Object {
                        "actions": Array [
                          Object {
                            "destination_id": "destinationId",
                            "id": "someId",
                            "message_template": Object {
                              "lang": "en-US",
                              "source": "messageSource",
                            },
                            "name": "triggerName",
                            "subject_template": Object {
                              "lang": "en-US",
                              "source": "sourceTemplate",
                            },
                            "throttle": Object {
                              "unit": "throttleUnit",
                              "value": 1,
                            },
                            "throttle_enabled": false,
                          },
                          Object {
                            "destination_id": "destinationId",
                            "id": "someId",
                            "message_template": Object {
                              "lang": "en-US",
                              "source": "messageSource",
                            },
                            "name": "triggerName",
                            "subject_template": Object {
                              "lang": "en-US",
                              "source": "sourceTemplate",
                            },
                            "throttle": Object {
                              "unit": "throttleUnit",
                              "value": 1,
                            },
                            "throttle_enabled": false,
                          },
                        ],
                        "id": "triggerId_0",
                        "ids": Array [
                          "ruleId1",
                        ],
                        "name": "alertName",
                        "sev_levels": Array [
                          "low",
                        ],
                        "severity": "1",
                        "tags": Array [
                          "any.tag",
                        ],
                        "types": Array [
                          "detectorType1",
                        ],
                      },
                      Object {
                        "actions": Array [
                          Object {
                            "destination_id": "destinationId",
                            "id": "someId",
                            "message_template": Object {
                              "lang": "en-US",
                              "source": "messageSource",
                            },
                            "name": "triggerName",
                            "subject_template": Object {
                              "lang": "en-US",
                              "source": "sourceTemplate",
                            },
                            "throttle": Object {
                              "unit": "throttleUnit",
                              "value": 1,
                            },
                            "throttle_enabled": false,
                          },
                          Object {
                            "destination_id": "destinationId",
                            "id": "someId",
                            "message_template": Object {
                              "lang": "en-US",
                              "source": "messageSource",
                            },
                            "name": "triggerName",
                            "subject_template": Object {
                              "lang": "en-US",
                              "source": "sourceTemplate",
                            },
                            "throttle": Object {
                              "unit": "throttleUnit",
                              "value": 1,
                            },
                            "throttle_enabled": false,
                          },
                        ],
                        "id": "triggerId_1",
                        "ids": Array [
                          "ruleId1",
                        ],
                        "name": "alertName",
                        "sev_levels": Array [
                          "low",
                        ],
                        "severity": "1",
                        "tags": Array [
                          "any.tag",
                        ],
                        "types": Array [
                          "detectorType1",
                        ],
                      },
                    ],
                    "type": "detector",
                  }
                }
                onDetectorScheduleChange={[Function]}
              >
                <EuiFormRow
                  describedByIds={Array []}
                  display="row"
                  fullWidth={false}
                  hasChildLabel={true}
                  hasEmptyLabelSpace={false}
                  label={
                    <FormFieldHeader
                      headerTitle="Run every"
                    />
                  }
                  labelType="label"
                >
                  <div
                    className="euiFormRow"
                    id="some_html_id-row"
                  >
                    <div
                      className="euiFormRow__labelWrapper"
                    >
                      <EuiFormLabel
                        className="euiFormRow__label"
                        htmlFor="some_html_id"
                        isFocused={false}
                        type="label"
                      >
                        <label
                          className="euiFormLabel euiFormRow__label"
                          htmlFor="some_html_id"
                        >
                          <FormFieldHeader
                            headerTitle="Run every"
                          >
                            <EuiText
                              size="s"
                            >
                              <div
                                className="euiText euiText--small"
                              >
                                <strong>
                                  Run every
                                </strong>
                              </div>
                            </EuiText>
                          </FormFieldHeader>
                        </label>
                      </EuiFormLabel>
                    </div>
                    <div
                      className="euiFormRow__fieldWrapper"
                    >
                      <EuiFlexGroup
                        id="some_html_id"
                        onBlur={[Function]}
                        onFocus={[Function]}
                      >
                        <div
                          className="euiFlexGroup euiFlexGroup--gutterLarge euiFlexGroup--directionRow euiFlexGroup--responsive"
                          id="some_html_id"
                          onBlur={[Function]}
                          onFocus={[Function]}
                        >
                          <EuiFlexItem>
                            <div
                              className="euiFlexItem"
                            >
                              <EuiFieldNumber
                                data-test-subj="detector-schedule-number-select"
                                icon="clock"
                                min={1}
                                onChange={[Function]}
                                value={1}
                              >
                                <EuiFormControlLayout
                                  compressed={false}
                                  fullWidth={false}
                                  icon="clock"
                                  isLoading={false}
                                >
                                  <div
                                    className="euiFormControlLayout"
                                  >
                                    <div
                                      className="euiFormControlLayout__childrenWrapper"
                                    >
                                      <EuiValidatableControl>
                                        <input
                                          className="euiFieldNumber euiFieldNumber--withIcon"
                                          data-test-subj="detector-schedule-number-select"
                                          min={1}
                                          onChange={[Function]}
                                          type="number"
                                          value={1}
                                        />
                                      </EuiValidatableControl>
                                      <EuiFormControlLayoutIcons
                                        compressed={false}
                                        icon="clock"
                                        isLoading={false}
                                      >
                                        <div
                                          className="euiFormControlLayoutIcons"
                                        >
                                          <EuiFormControlLayoutCustomIcon
                                            size="m"
                                            type="clock"
                                          >
                                            <span
                                              className="euiFormControlLayoutCustomIcon"
                                            >
                                              <EuiIcon
                                                aria-hidden="true"
                                                className="euiFormControlLayoutCustomIcon__icon"
                                                size="m"
                                                type="clock"
                                              >
                                                EuiIconMock
                                              </EuiIcon>
                                            </span>
                                          </EuiFormControlLayoutCustomIcon>
                                        </div>
                                      </EuiFormControlLayoutIcons>
                                    </div>
                                  </div>
                                </EuiFormControlLayout>
                              </EuiFieldNumber>
                            </div>
                          </EuiFlexItem>
                          <EuiFlexItem>
                            <div
                              className="euiFlexItem"
                            >
                              <EuiSelect
                                data-test-subj="detector-schedule-unit-select"
                                onChange={[Function]}
                                options={
                                  Array [
                                    Object {
                                      "text": "Minutes",
                                      "value": "MINUTES",
                                    },
                                    Object {
                                      "text": "Hours",
                                      "value": "HOURS",
                                    },
                                    Object {
                                      "text": "Days",
                                      "value": "DAYS",
                                    },
                                  ]
                                }
                                value="minute"
                              >
                                <EuiFormControlLayout
                                  compressed={false}
                                  fullWidth={false}
                                  icon={
                                    Object {
                                      "side": "right",
                                      "type": "arrowDown",
                                    }
                                  }
                                  isLoading={false}
                                >
                                  <div
                                    className="euiFormControlLayout"
                                  >
                                    <div
                                      className="euiFormControlLayout__childrenWrapper"
                                    >
                                      <EuiValidatableControl>
                                        <select
                                          className="euiSelect"
                                          data-test-subj="detector-schedule-unit-select"
                                          onChange={[Function]}
                                          onMouseUp={[Function]}
                                          value="minute"
                                        >
                                          <option
                                            key="0"
                                            value="MINUTES"
                                          >
                                            Minutes
                                          </option>
                                          <option
                                            key="1"
                                            value="HOURS"
                                          >
                                            Hours
                                          </option>
                                          <option
                                            key="2"
                                            value="DAYS"
                                          >
                                            Days
                                          </option>
                                        </select>
                                      </EuiValidatableControl>
                                      <EuiFormControlLayoutIcons
                                        compressed={false}
                                        icon={
                                          Object {
                                            "side": "right",
                                            "type": "arrowDown",
                                          }
                                        }
                                        isLoading={false}
                                      >
                                        <div
                                          className="euiFormControlLayoutIcons euiFormControlLayoutIcons--right"
                                        >
                                          <EuiFormControlLayoutCustomIcon
                                            size="m"
                                            type="arrowDown"
                                          >
                                            <span
                                              className="euiFormControlLayoutCustomIcon"
                                            >
                                              <EuiIcon
                                                aria-hidden="true"
                                                className="euiFormControlLayoutCustomIcon__icon"
                                                size="m"
                                                type="arrowDown"
                                              >
                                                EuiIconMock
                                              </EuiIcon>
                                            </span>
                                          </EuiFormControlLayoutCustomIcon>
                                        </div>
                                      </EuiFormControlLayoutIcons>
                                    </div>
                                  </div>
                                </EuiFormControlLayout>
                              </EuiSelect>
                            </div>
                          </EuiFlexItem>
                        </div>
                      </EuiFlexGroup>
                    </div>
                  </div>
                </EuiFormRow>
              </Interval>
            </div>
          </div>
        </EuiPanel>
      </ContentPanel>
    </DetectorSchedule>
    <EuiSpacer
      size="xl"
    >
      <div
        className="euiSpacer euiSpacer--xl"
      />
    </EuiSpacer>
    <EuiFlexGroup
      justifyContent="flexEnd"
    >
      <div
        className="euiFlexGroup euiFlexGroup--gutterLarge euiFlexGroup--justifyContentFlexEnd euiFlexGroup--directionRow euiFlexGroup--responsive"
      >
        <EuiFlexItem
          grow={false}
        >
          <div
            className="euiFlexItem euiFlexItem--flexGrowZero"
          >
            <EuiButton
              disabled={false}
              onClick={[Function]}
            >
              <EuiButtonDisplay
                baseClassName="euiButton"
                disabled={false}
                element="button"
                isDisabled={false}
                onClick={[Function]}
                type="button"
              >
                <button
                  className="euiButton euiButton--primary"
                  disabled={false}
                  onClick={[Function]}
                  style={
                    Object {
                      "minWidth": undefined,
                    }
                  }
                  type="button"
                >
                  <EuiButtonContent
                    className="euiButton__content"
                    iconSide="left"
                    textProps={
                      Object {
                        "className": "euiButton__text",
                      }
                    }
                  >
                    <span
                      className="euiButtonContent euiButton__content"
                    >
                      <span
                        className="euiButton__text"
                      >
                        Cancel
                      </span>
                    </span>
                  </EuiButtonContent>
                </button>
              </EuiButtonDisplay>
            </EuiButton>
          </div>
        </EuiFlexItem>
        <EuiFlexItem
          grow={false}
        >
          <div
            className="euiFlexItem euiFlexItem--flexGrowZero"
          >
            <EuiButton
              data-test-subj="save-basic-details-edits"
              disabled={false}
              isLoading={false}
              onClick={[Function]}
            >
              <EuiButtonDisplay
                baseClassName="euiButton"
                data-test-subj="save-basic-details-edits"
                disabled={false}
                element="button"
                isDisabled={false}
                isLoading={false}
                onClick={[Function]}
                type="button"
              >
                <button
                  className="euiButton euiButton--primary"
                  data-test-subj="save-basic-details-edits"
                  disabled={false}
                  onClick={[Function]}
                  style={
                    Object {
                      "minWidth": undefined,
                    }
                  }
                  type="button"
                >
                  <EuiButtonContent
                    className="euiButton__content"
                    iconSide="left"
                    isLoading={false}
                    textProps={
                      Object {
                        "className": "euiButton__text",
                      }
                    }
                  >
                    <span
                      className="euiButtonContent euiButton__content"
                    >
                      <span
                        className="euiButton__text"
                      >
                        Save changes
                      </span>
                    </span>
                  </EuiButtonContent>
                </button>
              </EuiButtonDisplay>
            </EuiButton>
          </div>
        </EuiFlexItem>
      </div>
    </EuiFlexGroup>
  </div>
</UpdateDetectorBasicDetails>
`;
